../Core/Src/driver_as5600.c:89:16:a_as5600_iic_read	32	static
../Core/Src/driver_as5600.c:112:16:a_as5600_iic_write	32	static
../Core/Src/driver_as5600.c:134:9:as5600_init	16	static
../Core/Src/driver_as5600.c:196:9:as5600_deinit	16	static
../Core/Src/driver_as5600.c:230:9:as5600_read	32	static
../Core/Src/driver_as5600.c:269:9:as5600_angle_convert_to_register	24	static
../Core/Src/driver_as5600.c:296:9:as5600_angle_convert_to_data	24	static
../Core/Src/driver_as5600.c:324:9:as5600_set_start_position	24	static
../Core/Src/driver_as5600.c:368:9:as5600_get_start_position	24	static
../Core/Src/driver_as5600.c:407:9:as5600_set_stop_position	24	static
../Core/Src/driver_as5600.c:451:9:as5600_get_stop_position	24	static
../Core/Src/driver_as5600.c:490:9:as5600_set_max_angle	24	static
../Core/Src/driver_as5600.c:534:9:as5600_get_max_angle	24	static
../Core/Src/driver_as5600.c:572:9:as5600_set_watch_dog	24	static
../Core/Src/driver_as5600.c:614:9:as5600_get_watch_dog	24	static
../Core/Src/driver_as5600.c:649:9:as5600_set_fast_filter_threshold	24	static
../Core/Src/driver_as5600.c:691:9:as5600_get_fast_filter_threshold	24	static
../Core/Src/driver_as5600.c:726:9:as5600_set_slow_filter	24	static
../Core/Src/driver_as5600.c:768:9:as5600_get_slow_filter	24	static
../Core/Src/driver_as5600.c:803:9:as5600_set_pwm_frequency	24	static
../Core/Src/driver_as5600.c:845:9:as5600_get_pwm_frequency	24	static
../Core/Src/driver_as5600.c:880:9:as5600_set_output_stage	24	static
../Core/Src/driver_as5600.c:922:9:as5600_get_output_stage	24	static
../Core/Src/driver_as5600.c:957:9:as5600_set_hysteresis	24	static
../Core/Src/driver_as5600.c:999:9:as5600_get_hysteresis	24	static
../Core/Src/driver_as5600.c:1034:9:as5600_set_power_mode	24	static
../Core/Src/driver_as5600.c:1076:9:as5600_get_power_mode	24	static
../Core/Src/driver_as5600.c:1111:9:as5600_get_raw_angle	24	static
../Core/Src/driver_as5600.c:1149:9:as5600_get_angle	24	static
../Core/Src/driver_as5600.c:1187:9:as5600_get_status	16	static
../Core/Src/driver_as5600.c:1221:9:as5600_get_agc	16	static
../Core/Src/driver_as5600.c:1255:9:as5600_get_magnitude	24	static
../Core/Src/driver_as5600.c:1293:9:as5600_set_burn	24	static
../Core/Src/driver_as5600.c:1330:9:as5600_set_reg	32	static
../Core/Src/driver_as5600.c:1367:9:as5600_get_reg	32	static
../Core/Src/driver_as5600.c:1399:9:as5600_info	16	static
