18:30:55 **** Incremental Build of configuration Debug for project kontrol 3 ****
make -j8 all 
arm-none-eabi-gcc "../Core/Src/main.c" -mcpu=cortex-m4 -std=gnu11 -g3 -DDEBUG -DUSE_HAL_DRIVER -DSTM32F446xx -c -I../Core/Inc -I../Drivers/STM32F4xx_HAL_Driver/Inc -I../Drivers/STM32F4xx_HAL_Driver/Inc/Legacy -I../Drivers/CMSIS/Device/ST/STM32F4xx/Include -I../Drivers/CMSIS/Include -O0 -ffunction-sections -fdata-sections -Wall -fstack-usage -fcyclomatic-complexity -MMD -MP -MF"Core/Src/main.d" -MT"Core/Src/main.o" --specs=nano.specs -mfpu=fpv4-sp-d16 -mfloat-abi=hard -mthumb -o "Core/Src/main.o"
arm-none-eabi-gcc -o "kontrol 3.elf" @"objects.list"   -mcpu=cortex-m4 -T"C:\Users\aliya\proje\KontrolOrtakCalisma\kontrol 3\STM32F446RETX_FLASH.ld" --specs=nosys.specs -Wl,-Map="kontrol 3.map" -Wl,--gc-sections -static -u _printf_float --specs=nano.specs -mfpu=fpv4-sp-d16 -mfloat-abi=hard -mthumb -Wl,--start-group -lc -lm -Wl,--end-group
Finished building target: kontrol 3.elf
 
arm-none-eabi-size  kontrol\ 3.elf 
arm-none-eabi-objdump -h -S kontrol\ 3.elf  > "kontrol 3.list"
   text	   data	    bss	    dec	    hex	filename
  27456	    468	   2084	  30008	   7538	kontrol 3.elf
Finished building: default.size.stdout
 
Finished building: kontrol 3.list
 
18:30:59 **** Incremental Build of configuration Debug for project kontrol 3 ****
make -j8 all 
arm-none-eabi-size  kontrol\ 3.elf 
   text	   data	    bss	    dec	    hex	filename
  27456	    468	   2084	  30008	   7538	kontrol 3.elf
Finished building: default.size.stdout
 
18:32:09 **** Incremental Build of configuration Debug for project kontrol 3 ****
make -j8 all 
arm-none-eabi-gcc "../Core/Src/main.c" -mcpu=cortex-m4 -std=gnu11 -g3 -DDEBUG -DUSE_HAL_DRIVER -DSTM32F446xx -c -I../Core/Inc -I../Drivers/STM32F4xx_HAL_Driver/Inc -I../Drivers/STM32F4xx_HAL_Driver/Inc/Legacy -I../Drivers/CMSIS/Device/ST/STM32F4xx/Include -I../Drivers/CMSIS/Include -O0 -ffunction-sections -fdata-sections -Wall -fstack-usage -fcyclomatic-complexity -MMD -MP -MF"Core/Src/main.d" -MT"Core/Src/main.o" --specs=nano.specs -mfpu=fpv4-sp-d16 -mfloat-abi=hard -mthumb -o "Core/Src/main.o"
arm-none-eabi-gcc -o "kontrol 3.elf" @"objects.list"   -mcpu=cortex-m4 -T"C:\Users\aliya\proje\KontrolOrtakCalisma\kontrol 3\STM32F446RETX_FLASH.ld" --specs=nosys.specs -Wl,-Map="kontrol 3.map" -Wl,--gc-sections -static -u _printf_float --specs=nano.specs -mfpu=fpv4-sp-d16 -mfloat-abi=hard -mthumb -Wl,--start-group -lc -lm -Wl,--end-group
Finished building target: kontrol 3.elf
 
arm-none-eabi-size  kontrol\ 3.elf 
arm-none-eabi-objdump -h -S kontrol\ 3.elf  > "kontrol 3.list"
   text	   data	    bss	    dec	    hex	filename
  27464	    468	   2084	  30016	   7540	kontrol 3.elf
Finished building: default.size.stdout
 
Finished building: kontrol 3.list
 
