15:22:33 **** Incremental Build of configuration Debug for project Kontroll4 ****
make -j8 all 
arm-none-eabi-gcc "../Core/Src/freertos.c" -mcpu=cortex-m4 -std=gnu11 -g3 -DDEBUG -DUSE_HAL_DRIVER -DSTM32F446xx -c -I../Core/Inc -I../Drivers/STM32F4xx_HAL_Driver/Inc -I../Drivers/STM32F4xx_HAL_Driver/Inc/Legacy -I../Drivers/CMSIS/Device/ST/STM32F4xx/Include -I../Drivers/CMSIS/Include -I../Middlewares/Third_Party/FreeRTOS/Source/include -I../Middlewares/Third_Party/FreeRTOS/Source/portable/GCC/ARM_CM4F -I../Middlewares/Third_Party/FreeRTOS/Source/CMSIS_RTOS_V2 -O0 -ffunction-sections -fdata-sections -Wall -fstack-usage -fcyclomatic-complexity -MMD -MP -MF"Core/Src/freertos.d" -MT"Core/Src/freertos.o" --specs=nano.specs -mfpu=fpv4-sp-d16 -mfloat-abi=hard -mthumb -o "Core/Src/freertos.o"
arm-none-eabi-gcc "../Core/Src/motorFonk.c" -mcpu=cortex-m4 -std=gnu11 -g3 -DDEBUG -DUSE_HAL_DRIVER -DSTM32F446xx -c -I../Core/Inc -I../Drivers/STM32F4xx_HAL_Driver/Inc -I../Drivers/STM32F4xx_HAL_Driver/Inc/Legacy -I../Drivers/CMSIS/Device/ST/STM32F4xx/Include -I../Drivers/CMSIS/Include -I../Middlewares/Third_Party/FreeRTOS/Source/include -I../Middlewares/Third_Party/FreeRTOS/Source/portable/GCC/ARM_CM4F -I../Middlewares/Third_Party/FreeRTOS/Source/CMSIS_RTOS_V2 -O0 -ffunction-sections -fdata-sections -Wall -fstack-usage -fcyclomatic-complexity -MMD -MP -MF"Core/Src/motorFonk.d" -MT"Core/Src/motorFonk.o" --specs=nano.specs -mfpu=fpv4-sp-d16 -mfloat-abi=hard -mthumb -o "Core/Src/motorFonk.o"
../Core/Src/freertos.c: In function 'Verileri':
../Core/Src/freertos.c:194:17: warning: implicit declaration of function 'fabs' [-Wimplicit-function-declaration]
  194 |             if (fabs(data.delta) > 100.0f){                                   // 100 dereceden fazla delta? Atla
      |                 ^~~~
../Core/Src/freertos.c:34:1: note: include '<math.h>' or provide a declaration of 'fabs'
   33 | #include "queue.h"
  +++ |+#include <math.h>
   34 | 
../Core/Src/freertos.c:194:17: warning: incompatible implicit declaration of built-in function 'fabs' [-Wbuiltin-declaration-mismatch]
  194 |             if (fabs(data.delta) > 100.0f){                                   // 100 dereceden fazla delta? Atla
      |                 ^~~~
../Core/Src/freertos.c:194:17: note: include '<math.h>' or provide a declaration of 'fabs'
../Core/Src/freertos.c: In function 'MotorKontrol':
../Core/Src/freertos.c:235:16: warning: unused variable 'buffer' [-Wunused-variable]
  235 |           char buffer[50];
      |                ^~~~~~
../Core/Src/motorFonk.c: In function 'motor_kontrol':
../Core/Src/motorFonk.c:21:11: warning: unused variable 'deneme' [-Wunused-variable]
   21 |     float deneme = alinanV.sonaci;
      |           ^~~~~~
arm-none-eabi-gcc -o "Kontroll4.elf" @"objects.list"   -mcpu=cortex-m4 -T"C:\Users\aliya\proje\KontrolOrtakCalisma\Kontroll4\STM32F446RETX_FLASH.ld" --specs=nosys.specs -Wl,-Map="Kontroll4.map" -Wl,--gc-sections -static --specs=nano.specs -mfpu=fpv4-sp-d16 -mfloat-abi=hard -mthumb -u _printf_float -u _scanf_float -Wl,--start-group -lc -lm -Wl,--end-group
Finished building target: Kontroll4.elf
 
arm-none-eabi-size  Kontroll4.elf 
arm-none-eabi-objdump -h -S Kontroll4.elf  > "Kontroll4.list"
   text	   data	    bss	    dec	    hex	filename
  55852	    472	  21168	  77492	  12eb4	Kontroll4.elf
Finished building: default.size.stdout
 
Finished building: Kontroll4.list
 

15:22:35 Build Finished. 0 errors, 4 warnings. (took 1s.496ms)

